// Bun Snapshot v1, https://bun.sh/docs/test/snapshots

exports[`generateFileReport should generate empty report 1`] = `
"=== RAPPORT D'ANALYSE REACT-METRICS ===
GÃ©nÃ©rÃ© le: DD/MM/YYYY HH:MM:SS

=== STATISTIQUES ===
Total dÃ©clarations trouvÃ©es: 0
Code mort dÃ©tectÃ©: 0

RÃ©partition par type:

=== TOUTES LES DÃ‰CLARATIONS ===

=== CODE MORT DÃ‰TECTÃ‰ ===
Aucun code mort dÃ©tectÃ© ! ðŸŽ‰

=== DÃ‰CLARATIONS @DEPRECATED ===
Aucune dÃ©claration @deprecated dÃ©tectÃ©e."
`;

exports[`generateFileReport should generate report with functions only 1`] = `
"=== RAPPORT D'ANALYSE REACT-METRICS ===
GÃ©nÃ©rÃ© le: DD/MM/YYYY HH:MM:SS

=== STATISTIQUES ===
Total dÃ©clarations trouvÃ©es: 2
Code mort dÃ©tectÃ©: 2
Pourcentage de code mort: 100.00%

RÃ©partition par type:
  FUNCTION: 2/2 (100.0% mort)

=== TOUTES LES DÃ‰CLARATIONS ===

--- FUNCTION ---
anotherUnused | /src/other.ts:20:3 | NON UTILISÃ‰E
unusedFunction | /src/file.ts:10:5 | NON UTILISÃ‰E

=== CODE MORT DÃ‰TECTÃ‰ ===

--- FUNCTION ---
Fichier: /src/other.ts:20:3
       Nom: anotherUnused

Fichier: /src/file.ts:10:5
       Nom: unusedFunction


=== DÃ‰CLARATIONS @DEPRECATED ===
Aucune dÃ©claration @deprecated dÃ©tectÃ©e."
`;

exports[`generateFileReport should generate report with classes only 1`] = `
"=== RAPPORT D'ANALYSE REACT-METRICS ===
GÃ©nÃ©rÃ© le: DD/MM/YYYY HH:MM:SS

=== STATISTIQUES ===
Total dÃ©clarations trouvÃ©es: 2
Code mort dÃ©tectÃ©: 2
Pourcentage de code mort: 100.00%

RÃ©partition par type:
  CLASS: 2/2 (100.0% mort)

=== TOUTES LES DÃ‰CLARATIONS ===

--- CLASS ---
OldClass | /src/legacy.ts:30:7 | NON UTILISÃ‰E
UnusedClass | /src/class.ts:15:7 | NON UTILISÃ‰E

=== CODE MORT DÃ‰TECTÃ‰ ===

--- CLASS ---
Fichier: /src/legacy.ts:30:7
       Nom: OldClass

Fichier: /src/class.ts:15:7
       Nom: UnusedClass


=== DÃ‰CLARATIONS @DEPRECATED ===
Aucune dÃ©claration @deprecated dÃ©tectÃ©e."
`;

exports[`generateFileReport should generate report with constants and props 1`] = `
"=== RAPPORT D'ANALYSE REACT-METRICS ===
GÃ©nÃ©rÃ© le: DD/MM/YYYY HH:MM:SS

=== STATISTIQUES ===
Total dÃ©clarations trouvÃ©es: 2
Code mort dÃ©tectÃ©: 2
Pourcentage de code mort: 100.00%

RÃ©partition par type:
  CONSTANT: 1/1 (100.0% mort)
  PROP: 1/1 (100.0% mort)

=== TOUTES LES DÃ‰CLARATIONS ===

--- CONSTANT ---
UNUSED_CONST | /src/constants.ts:5:7 | NON UTILISÃ‰E

--- PROP ---
unusedProp | /src/props.tsx:8:3 | NON UTILISÃ‰E

=== CODE MORT DÃ‰TECTÃ‰ ===

--- CONSTANT ---
Fichier: /src/constants.ts:5:7
       Nom: UNUSED_CONST


--- PROP ---
Fichier: /src/props.tsx:8:3
       Nom: unusedProp


=== DÃ‰CLARATIONS @DEPRECATED ===
Aucune dÃ©claration @deprecated dÃ©tectÃ©e."
`;

exports[`generateFileReport should generate report with mixed categories 1`] = `
"=== RAPPORT D'ANALYSE REACT-METRICS ===
GÃ©nÃ©rÃ© le: DD/MM/YYYY HH:MM:SS

=== STATISTIQUES ===
Total dÃ©clarations trouvÃ©es: 8
Code mort dÃ©tectÃ©: 8
Pourcentage de code mort: 100.00%

RÃ©partition par type:
  CONSTANT: 1/1 (100.0% mort)
  FUNCTION: 1/1 (100.0% mort)
  CLASS: 1/1 (100.0% mort)
  CONSOLE: 1/1 (100.0% mort)
  PROP: 1/1 (100.0% mort)
  DEFINITION: 1/1 (100.0% mort)
  EXPORT: 1/1 (100.0% mort)
  DEPENDENCY: 1/1 (100.0% mort)

=== TOUTES LES DÃ‰CLARATIONS ===

--- CLASS ---
cls | /c.ts:1:1 | NON UTILISÃ‰E

--- CONSOLE ---
console | /c.ts:1:1 | NON UTILISÃ‰E

--- CONSTANT ---
const1 | /c.ts:1:1 | NON UTILISÃ‰E

--- DEFINITION ---
Type1 | /t.ts:1:1 | NON UTILISÃ‰E

--- DEPENDENCY ---
dep | /p.json:1:1 | NON UTILISÃ‰E

--- EXPORT ---
Export1 | /e.ts:1:1 | NON UTILISÃ‰E

--- FUNCTION ---
fn | /f.ts:1:1 | NON UTILISÃ‰E

--- PROP ---
prop | /p.ts:1:1 | NON UTILISÃ‰E

=== CODE MORT DÃ‰TECTÃ‰ ===

--- FUNCTION ---
Fichier: /f.ts:1:1
       Nom: fn


--- CLASS ---
Fichier: /c.ts:1:1
       Nom: cls


--- CONSTANT ---
Fichier: /c.ts:1:1
       Nom: const1


--- PROP ---
Fichier: /p.ts:1:1
       Nom: prop


--- CONSOLE ---
Fichier: /c.ts:1:1
       Nom: console


--- DEFINITION ---
Fichier: /t.ts:1:1
       Nom: Type1


--- EXPORT ---
Fichier: /e.ts:1:1
       Nom: Export1


--- DEPENDENCY ---
Fichier: /p.json:1:1
       Nom: dep


=== DÃ‰CLARATIONS @DEPRECATED ===
Aucune dÃ©claration @deprecated dÃ©tectÃ©e."
`;

exports[`generateFileReport should generate report with real-world scenario 1`] = `
"=== RAPPORT D'ANALYSE REACT-METRICS ===
GÃ©nÃ©rÃ© le: DD/MM/YYYY HH:MM:SS

=== STATISTIQUES ===
Total dÃ©clarations trouvÃ©es: 31
Code mort dÃ©tectÃ©: 31
Pourcentage de code mort: 100.00%

RÃ©partition par type:
  CONSTANT: 12/12 (100.0% mort)
  FUNCTION: 10/10 (100.0% mort)
  CLASS: 3/3 (100.0% mort)
  PROP: 6/6 (100.0% mort)

=== TOUTES LES DÃ‰CLARATIONS ===

--- CLASS ---
Class0 | /c.ts:1:1 | NON UTILISÃ‰E
Class1 | /c.ts:2:1 | NON UTILISÃ‰E
Class2 | /c.ts:3:1 | NON UTILISÃ‰E

--- CONSTANT ---
const0 | /c.ts:1:1 | NON UTILISÃ‰E
const1 | /c.ts:2:1 | NON UTILISÃ‰E
const10 | /c.ts:11:1 | NON UTILISÃ‰E
const11 | /c.ts:12:1 | NON UTILISÃ‰E
const2 | /c.ts:3:1 | NON UTILISÃ‰E
const3 | /c.ts:4:1 | NON UTILISÃ‰E
const4 | /c.ts:5:1 | NON UTILISÃ‰E
const5 | /c.ts:6:1 | NON UTILISÃ‰E
const6 | /c.ts:7:1 | NON UTILISÃ‰E
const7 | /c.ts:8:1 | NON UTILISÃ‰E
const8 | /c.ts:9:1 | NON UTILISÃ‰E
const9 | /c.ts:10:1 | NON UTILISÃ‰E

--- FUNCTION ---
function0 | /f.ts:1:1 | NON UTILISÃ‰E
function1 | /f.ts:2:1 | NON UTILISÃ‰E
function2 | /f.ts:3:1 | NON UTILISÃ‰E
function3 | /f.ts:4:1 | NON UTILISÃ‰E
function4 | /f.ts:5:1 | NON UTILISÃ‰E
function5 | /f.ts:6:1 | NON UTILISÃ‰E
function6 | /f.ts:7:1 | NON UTILISÃ‰E
function7 | /f.ts:8:1 | NON UTILISÃ‰E
function8 | /f.ts:9:1 | NON UTILISÃ‰E
function9 | /f.ts:10:1 | NON UTILISÃ‰E

--- PROP ---
prop0 | /p.ts:1:1 | NON UTILISÃ‰E
prop1 | /p.ts:2:1 | NON UTILISÃ‰E
prop2 | /p.ts:3:1 | NON UTILISÃ‰E
prop3 | /p.ts:4:1 | NON UTILISÃ‰E
prop4 | /p.ts:5:1 | NON UTILISÃ‰E
prop5 | /p.ts:6:1 | NON UTILISÃ‰E

=== CODE MORT DÃ‰TECTÃ‰ ===

--- FUNCTION ---
Fichier: /f.ts:1:1
       Nom: function0

Fichier: /f.ts:2:1
       Nom: function1

Fichier: /f.ts:3:1
       Nom: function2

Fichier: /f.ts:4:1
       Nom: function3

Fichier: /f.ts:5:1
       Nom: function4

Fichier: /f.ts:6:1
       Nom: function5

Fichier: /f.ts:7:1
       Nom: function6

Fichier: /f.ts:8:1
       Nom: function7

Fichier: /f.ts:9:1
       Nom: function8

Fichier: /f.ts:10:1
       Nom: function9


--- CLASS ---
Fichier: /c.ts:1:1
       Nom: Class0

Fichier: /c.ts:2:1
       Nom: Class1

Fichier: /c.ts:3:1
       Nom: Class2


--- CONSTANT ---
Fichier: /c.ts:1:1
       Nom: const0

Fichier: /c.ts:2:1
       Nom: const1

Fichier: /c.ts:11:1
       Nom: const10

Fichier: /c.ts:12:1
       Nom: const11

Fichier: /c.ts:3:1
       Nom: const2

Fichier: /c.ts:4:1
       Nom: const3

Fichier: /c.ts:5:1
       Nom: const4

Fichier: /c.ts:6:1
       Nom: const5

Fichier: /c.ts:7:1
       Nom: const6

Fichier: /c.ts:8:1
       Nom: const7

Fichier: /c.ts:9:1
       Nom: const8

Fichier: /c.ts:10:1
       Nom: const9


--- PROP ---
Fichier: /p.ts:1:1
       Nom: prop0

Fichier: /p.ts:2:1
       Nom: prop1

Fichier: /p.ts:3:1
       Nom: prop2

Fichier: /p.ts:4:1
       Nom: prop3

Fichier: /p.ts:5:1
       Nom: prop4

Fichier: /p.ts:6:1
       Nom: prop5


=== DÃ‰CLARATIONS @DEPRECATED ===
Aucune dÃ©claration @deprecated dÃ©tectÃ©e."
`;

exports[`generateFileReport should generate report with deprecated declarations only 1`] = `
"=== RAPPORT D'ANALYSE REACT-METRICS ===
GÃ©nÃ©rÃ© le: DD/MM/YYYY HH:MM:SS

=== STATISTIQUES ===
Total dÃ©clarations trouvÃ©es: 2
Code mort dÃ©tectÃ©: 1
Pourcentage de code mort: 50.00%

RÃ©partition par type:
  FUNCTION: 1/1 (100.0% mort)
  CLASS: 0/1 (0.0% mort)

DÃ©clarations @deprecated: 2

=== TOUTES LES DÃ‰CLARATIONS ===

--- CLASS ---
OldClass | /c.ts:1:1 | UTILISÃ‰E

--- FUNCTION ---
oldFunc | /f.ts:1:1 | NON UTILISÃ‰E

=== CODE MORT DÃ‰TECTÃ‰ ===

--- FUNCTION ---
Fichier: /f.ts:1:1
       Nom: oldFunc


=== DÃ‰CLARATIONS @DEPRECATED ===
Suggestion: ConsidÃ©rer la suppression ou le remplacement de ces dÃ©clarations.


--- FUNCTION ---
Fichier: /f.ts:1:1
       Nom: oldFunc
       Statut: NON UTILISÃ‰E


--- CLASS ---
Fichier: /c.ts:1:1
       Nom: OldClass
       Statut: UTILISÃ‰E
"
`;

exports[`generateFileReport should generate report with locally used export 1`] = `
"=== RAPPORT D'ANALYSE REACT-METRICS ===
GÃ©nÃ©rÃ© le: DD/MM/YYYY HH:MM:SS

=== STATISTIQUES ===
Total dÃ©clarations trouvÃ©es: 2
Code mort dÃ©tectÃ©: 0
Pourcentage de code mort: 0.00%

RÃ©partition par type:
  EXPORT: 0/2 (0.0% mort)

=== TOUTES LES DÃ‰CLARATIONS ===

--- EXPORT ---
myExport | /e.ts:10:5 | UTILISÃ‰E LOCALEMENT (supprimer export)
publicExport | /e.ts:20:5 | UTILISÃ‰E

=== CODE MORT DÃ‰TECTÃ‰ ===
Aucun code mort dÃ©tectÃ© ! ðŸŽ‰

=== DÃ‰CLARATIONS @DEPRECATED ===
Aucune dÃ©claration @deprecated dÃ©tectÃ©e."
`;

exports[`generateFileReport should generate report with deprecated and local exports 1`] = `
"=== RAPPORT D'ANALYSE REACT-METRICS ===
GÃ©nÃ©rÃ© le: DD/MM/YYYY HH:MM:SS

=== STATISTIQUES ===
Total dÃ©clarations trouvÃ©es: 4
Code mort dÃ©tectÃ©: 1
Pourcentage de code mort: 25.00%

RÃ©partition par type:
  FUNCTION: 0/1 (0.0% mort)
  CLASS: 1/1 (100.0% mort)
  EXPORT: 0/2 (0.0% mort)

DÃ©clarations @deprecated: 2

=== TOUTES LES DÃ‰CLARATIONS ===

--- CLASS ---
LegacyService | /srv.ts:10:1 | NON UTILISÃ‰E

--- EXPORT ---
internalHelper | /helper.ts:3:1 | UTILISÃ‰E LOCALEMENT (supprimer export)
publicAPI | /api.ts:20:1 | UTILISÃ‰E

--- FUNCTION ---
oldAPI | /api.ts:5:1 | UTILISÃ‰E

=== CODE MORT DÃ‰TECTÃ‰ ===

--- CLASS ---
Fichier: /srv.ts:10:1
       Nom: LegacyService


=== DÃ‰CLARATIONS @DEPRECATED ===
Suggestion: ConsidÃ©rer la suppression ou le remplacement de ces dÃ©clarations.


--- FUNCTION ---
Fichier: /api.ts:5:1
       Nom: oldAPI
       Statut: UTILISÃ‰E


--- CLASS ---
Fichier: /srv.ts:10:1
       Nom: LegacyService
       Statut: NON UTILISÃ‰E
"
`;
